{
    "config_json_url": "https://default.domain",
    "webapp_welcome_url": "https://default.domain"
}
