{ "qualified_user_client_prekeys" : {
    "default.domain" : {
      "44f9c51e-0dce-4e7f-85ba-b4e5a545ce68" : {
        "0123456789ABCEF" : null
      }
    }
  }
, "failed_to_list" : []
}