{
    "subject": "<NameID xmlns:samlp=\"urn:oasis:names:tc:SAML:2.0:protocol\" xmlns:samla=\"urn:oasis:names:tc:SAML:2.0:assertion\" xmlns:samlm=\"urn:oasis:names:tc:SAML:2.0:metadata\" xmlns:ds=\"http://www.w3.org/2000/09/xmldsig#\" Format=\"urn:oasis:names:tc:SAML:1.1:nameid-format:emailAddress\" xmlns=\"urn:oasis:names:tc:SAML:2.0:assertion\">me@default.domain</NameID>",
    "tenant": "<Issuer xmlns:samlp=\"urn:oasis:names:tc:SAML:2.0:protocol\" xmlns:samla=\"urn:oasis:names:tc:SAML:2.0:assertion\" xmlns:samlm=\"urn:oasis:names:tc:SAML:2.0:metadata\" xmlns:ds=\"http://www.w3.org/2000/09/xmldsig#\" xmlns=\"urn:oasis:names:tc:SAML:2.0:assertion\">http://default.domain/</Issuer>"
}
