{
    "config": {
        "domains": [
            "default.domain",
            "test.foobar"
        ]
    },
    "lockStatus": "locked",
    "status": "enabled",
    "ttl": "unlimited"
}
