{
    "conversation_role": "wire_member",
    "id": "0000003a-0000-0042-0000-007500000037",
    "qualified_id": {
        "domain": "faraway.default.domain",
        "id": "0000003a-0000-0042-0000-007500000037"
    }
}
