{
    "qualified_ids": [
        {
            "domain": "domain.default.domain",
            "id": "00000018-0000-0020-0000-000e00000002"
        },
        {
            "domain": "domain2.default.domain",
            "id": "00000018-0000-0020-0000-111111111112"
        }
    ]
}
