{
    "description": "",
    "name": "зию║",
    "url": "https://default.domain"
}
