{
    "code": "sEG3Y60tIsd9P3",
    "key": "M0vnbETaqAgL8tv5Z1_x",
    "uri": "https://default.domain"
}
