{
    "not_connected": [
        "d.default.domain",
        "e.default.domain"
    ],
    "status": "non-fully-connected"
}
