{
    "restriction_tag": "restrict_by_team",
    "teams": []
}
