{
    "domains": [
        "a.default.domain",
        "b.default.domain"
    ]
}
